test_audit_recovery_matches_legacy_scope_serialization (memory.tests.test_memory_failure_recovery.MemoryFailureRecoveryTests.test_audit_recovery_matches_legacy_scope_serialization) ... 
  test_audit_recovery_matches_legacy_scope_serialization (memory.tests.test_memory_failure_recovery.MemoryFailureRecoveryTests.test_audit_recovery_matches_legacy_scope_serialization) (parser=True, scope=None) ... FAIL
  test_audit_recovery_matches_legacy_scope_serialization (memory.tests.test_memory_failure_recovery.MemoryFailureRecoveryTests.test_audit_recovery_matches_legacy_scope_serialization) (parser=True, scope=False) ... FAIL
  test_audit_recovery_matches_legacy_scope_serialization (memory.tests.test_memory_failure_recovery.MemoryFailureRecoveryTests.test_audit_recovery_matches_legacy_scope_serialization) (parser=True, scope=0) ... FAIL
  test_audit_recovery_matches_legacy_scope_serialization (memory.tests.test_memory_failure_recovery.MemoryFailureRecoveryTests.test_audit_recovery_matches_legacy_scope_serialization) (parser=True, scope='') ... FAIL
  test_audit_recovery_matches_legacy_scope_serialization (memory.tests.test_memory_failure_recovery.MemoryFailureRecoveryTests.test_audit_recovery_matches_legacy_scope_serialization) (parser=False, scope=None) ... FAIL
  test_audit_recovery_matches_legacy_scope_serialization (memory.tests.test_memory_failure_recovery.MemoryFailureRecoveryTests.test_audit_recovery_matches_legacy_scope_serialization) (parser=False, scope=False) ... FAIL
  test_audit_recovery_matches_legacy_scope_serialization (memory.tests.test_memory_failure_recovery.MemoryFailureRecoveryTests.test_audit_recovery_matches_legacy_scope_serialization) (parser=False, scope=0) ... FAIL
  test_audit_recovery_matches_legacy_scope_serialization (memory.tests.test_memory_failure_recovery.MemoryFailureRecoveryTests.test_audit_recovery_matches_legacy_scope_serialization) (parser=False, scope='') ... FAIL

======================================================================
FAIL: test_audit_recovery_matches_legacy_scope_serialization (memory.tests.test_memory_failure_recovery.MemoryFailureRecoveryTests.test_audit_recovery_matches_legacy_scope_serialization) (parser=True, scope=None)
----------------------------------------------------------------------
Traceback (most recent call last):
  File "/Users/luca/Desktop/项目/muse/lucagstack/memory/tests/test_memory_failure_recovery.py", line 122, in test_audit_recovery_matches_legacy_scope_serialization
    self.assertEqual(len(cm.read_jsonl(cm.REVIEWS)), 1)
    ~~~~~~~~~~~~~~~~^^^^^^^^^^^^^^^^^^^^^^^^^^^^^^^^^^^
AssertionError: 0 != 1

======================================================================
FAIL: test_audit_recovery_matches_legacy_scope_serialization (memory.tests.test_memory_failure_recovery.MemoryFailureRecoveryTests.test_audit_recovery_matches_legacy_scope_serialization) (parser=True, scope=False)
----------------------------------------------------------------------
Traceback (most recent call last):
  File "/Users/luca/Desktop/项目/muse/lucagstack/memory/tests/test_memory_failure_recovery.py", line 122, in test_audit_recovery_matches_legacy_scope_serialization
    self.assertEqual(len(cm.read_jsonl(cm.REVIEWS)), 1)
    ~~~~~~~~~~~~~~~~^^^^^^^^^^^^^^^^^^^^^^^^^^^^^^^^^^^
AssertionError: 0 != 1

======================================================================
FAIL: test_audit_recovery_matches_legacy_scope_serialization (memory.tests.test_memory_failure_recovery.MemoryFailureRecoveryTests.test_audit_recovery_matches_legacy_scope_serialization) (parser=True, scope=0)
----------------------------------------------------------------------
Traceback (most recent call last):
  File "/Users/luca/Desktop/项目/muse/lucagstack/memory/tests/test_memory_failure_recovery.py", line 122, in test_audit_recovery_matches_legacy_scope_serialization
    self.assertEqual(len(cm.read_jsonl(cm.REVIEWS)), 1)
    ~~~~~~~~~~~~~~~~^^^^^^^^^^^^^^^^^^^^^^^^^^^^^^^^^^^
AssertionError: 0 != 1

======================================================================
FAIL: test_audit_recovery_matches_legacy_scope_serialization (memory.tests.test_memory_failure_recovery.MemoryFailureRecoveryTests.test_audit_recovery_matches_legacy_scope_serialization) (parser=True, scope='')
----------------------------------------------------------------------
Traceback (most recent call last):
  File "/Users/luca/Desktop/项目/muse/lucagstack/memory/tests/test_memory_failure_recovery.py", line 113, in test_audit_recovery_matches_legacy_scope_serialization
    self.assertTrue(ready)
    ~~~~~~~~~~~~~~~^^^^^^^
AssertionError: [] is not true

======================================================================
FAIL: test_audit_recovery_matches_legacy_scope_serialization (memory.tests.test_memory_failure_recovery.MemoryFailureRecoveryTests.test_audit_recovery_matches_legacy_scope_serialization) (parser=False, scope=None)
----------------------------------------------------------------------
Traceback (most recent call last):
  File "/Users/luca/Desktop/项目/muse/lucagstack/memory/tests/test_memory_failure_recovery.py", line 122, in test_audit_recovery_matches_legacy_scope_serialization
    self.assertEqual(len(cm.read_jsonl(cm.REVIEWS)), 1)
    ~~~~~~~~~~~~~~~~^^^^^^^^^^^^^^^^^^^^^^^^^^^^^^^^^^^
AssertionError: 0 != 1

======================================================================
FAIL: test_audit_recovery_matches_legacy_scope_serialization (memory.tests.test_memory_failure_recovery.MemoryFailureRecoveryTests.test_audit_recovery_matches_legacy_scope_serialization) (parser=False, scope=False)
----------------------------------------------------------------------
Traceback (most recent call last):
  File "/Users/luca/Desktop/项目/muse/lucagstack/memory/tests/test_memory_failure_recovery.py", line 122, in test_audit_recovery_matches_legacy_scope_serialization
    self.assertEqual(len(cm.read_jsonl(cm.REVIEWS)), 1)
    ~~~~~~~~~~~~~~~~^^^^^^^^^^^^^^^^^^^^^^^^^^^^^^^^^^^
AssertionError: 0 != 1

======================================================================
FAIL: test_audit_recovery_matches_legacy_scope_serialization (memory.tests.test_memory_failure_recovery.MemoryFailureRecoveryTests.test_audit_recovery_matches_legacy_scope_serialization) (parser=False, scope=0)
----------------------------------------------------------------------
Traceback (most recent call last):
  File "/Users/luca/Desktop/项目/muse/lucagstack/memory/tests/test_memory_failure_recovery.py", line 122, in test_audit_recovery_matches_legacy_scope_serialization
    self.assertEqual(len(cm.read_jsonl(cm.REVIEWS)), 1)
    ~~~~~~~~~~~~~~~~^^^^^^^^^^^^^^^^^^^^^^^^^^^^^^^^^^^
AssertionError: 0 != 1

======================================================================
FAIL: test_audit_recovery_matches_legacy_scope_serialization (memory.tests.test_memory_failure_recovery.MemoryFailureRecoveryTests.test_audit_recovery_matches_legacy_scope_serialization) (parser=False, scope='')
----------------------------------------------------------------------
Traceback (most recent call last):
  File "/Users/luca/Desktop/项目/muse/lucagstack/memory/tests/test_memory_failure_recovery.py", line 113, in test_audit_recovery_matches_legacy_scope_serialization
    self.assertTrue(ready)
    ~~~~~~~~~~~~~~~^^^^^^^
AssertionError: [] is not true

----------------------------------------------------------------------
Ran 1 test in 0.042s

FAILED (failures=8)
