[PASS] valid-node
[PASS] missing-node
[PASS] valid-topic
[PASS] missing-topic
[PASS] valid-combined
[PASS] missing-combined
[PASS] reject-corrupt-node
[PASS] reject-corrupt-topic
[PASS] reject-corrupt-combined
[PASS] reject-empty-node
[PASS] reject-empty-topic
[PASS] reject-empty-combined
[PASS] reject-null-node
[PASS] reject-null-topic
[PASS] reject-null-combined
[PASS] reject-list-node
[PASS] reject-list-topic
[PASS] reject-list-combined
[PASS] reject-scalar-node
[PASS] reject-scalar-topic
[PASS] reject-scalar-combined
[PASS] reject-nodes-null-node
[PASS] reject-nodes-null-topic
[PASS] reject-nodes-null-combined
[PASS] reject-nodes-list-node
[PASS] reject-nodes-list-topic
[PASS] reject-nodes-list-combined
[PASS] reject-node-null-node
[PASS] reject-node-null-topic
[PASS] reject-node-null-combined
[PASS] reject-node-list-node
[PASS] reject-node-list-topic
[PASS] reject-node-list-combined
[PASS] reject-other-node-scalar-node
[PASS] reject-other-node-scalar-topic
[PASS] reject-other-node-scalar-combined
[PASS] extra-invalid-'{broken'-node
[PASS] extra-invalid-'{broken'-topic
[PASS] extra-invalid-'{broken'-combined
[PASS] extra-invalid-'[]'-node
[PASS] extra-invalid-'[]'-topic
[PASS] extra-invalid-'[]'-combined
[PASS] extra-invalid-'null'-node
[PASS] extra-invalid-'null'-topic
[PASS] extra-invalid-'null'-combined
[PASS] extra-invalid-'"string"'-node
[PASS] extra-invalid-'"string"'-topic
[PASS] extra-invalid-'"string"'-combined
[PASS] extra-invalid-''-node
[PASS] extra-invalid-''-topic
[PASS] extra-invalid-''-combined
[PASS] extra-preservation
[PASS] yaml-alias-preservation
[PASS] same-node-supplied-fields
[PASS] new-node-defaults
[PASS] lock-stable-inode
[PASS] combined-single-transaction
[PASS] state-write-failure
[PASS] state-replace-failure
[PASS] projection-failure-repair
[PASS] lock-timeout
[PASS] lock-process-exit
[PASS] concurrency-different-node
[PASS] concurrency-topic-node
[PASS] concurrency-same-node
[PASS] concurrency-topic-topic
[PASS] lock-invalid-timeout--1
[PASS] lock-invalid-timeout-0
[PASS] lock-invalid-timeout-nan
[PASS] lock-invalid-timeout-inf
[PASS] lock-invalid-timeout-invalid
[PASS] lock-invalid-timeout-61
[PASS] caller-idea-corrupt
[PASS] caller-idea-replace-failure
[PASS] caller-idea-valid
[PASS] caller-idea-unbound
[PASS] caller-idea-shared-alias
[PASS] caller-challenge-corrupt
[PASS] caller-challenge-replace-failure
[PASS] caller-challenge-valid
[PASS] caller-challenge-unbound
[PASS] caller-challenge-shared-alias
[PASS] caller-retro-corrupt
[PASS] caller-retro-replace-failure
[PASS] caller-retro-valid
[PASS] caller-retro-unbound
[PASS] caller-retro-shared-alias
[PASS] caller-figma-demo-corrupt
[PASS] caller-figma-demo-replace-failure
[PASS] caller-figma-demo-valid
[PASS] caller-figma-demo-unbound
[PASS] caller-figma-demo-shared-alias
[PASS] caller-evals-corrupt
[PASS] caller-evals-replace-failure
[PASS] caller-evals-valid
[PASS] caller-evals-unbound
[PASS] caller-evals-shared-alias
[PASS] caller-open-design-corrupt
[PASS] caller-open-design-replace-failure
[PASS] caller-open-design-valid
[PASS] caller-open-design-unbound
[PASS] caller-open-design-shared-alias
[PASS] caller-html-prototype-corrupt
[PASS] caller-html-prototype-replace-failure
[PASS] caller-html-prototype-valid
[PASS] caller-html-prototype-unbound
[PASS] caller-html-prototype-shared-alias
[PASS] caller-redteam-corrupt
[PASS] caller-redteam-replace-failure
[PASS] caller-redteam-valid
[PASS] caller-redteam-unbound
[PASS] caller-redteam-shared-alias
[PASS] caller-ux-audit-corrupt
[PASS] caller-ux-audit-replace-failure
[PASS] caller-ux-audit-valid
[PASS] caller-ux-audit-unbound
[PASS] caller-ux-audit-shared-alias
[PASS] caller-idea-known-scene
[PASS] caller-idea-unknown-scene
[PASS] caller-ux-standalone-no-node
[PASS] caller-ux-standalone-no-state
[PASS] caller-ux-mixed-write
[PASS] caller-ux-score-UNKNOWN
[PASS] caller-ux-score-85.5
[PASS] caller-ux-score-101
[PASS] caller-ux-score-incomplete
[PASS] caller-ux-score-ambiguous
[PASS] caller-ux-score-missing-report

=== workflow-state guard: 128/128 PASS; ALL PASS ===
